// Vitest Snapshot v1, https://vitest.dev/guide/snapshot.html

exports[`ContactForm Component > renders initial form state and matches snapshot 1`] = `
<form
  class="space-y-6"
>
  <div>
    <label
      class="block text-sm font-medium mb-2"
      for="name"
    >
      Name / 姓名 *
    </label>
    <input
      class="w-full px-4 py-2 rounded-lg border border-foreground/20 bg-background focus:outline-none focus:ring-2 focus:ring-primary"
      id="name"
      name="name"
      required=""
      type="text"
      value=""
    />
  </div>
  <div>
    <label
      class="block text-sm font-medium mb-2"
      for="email"
    >
      Email / 邮箱 *
    </label>
    <input
      class="w-full px-4 py-2 rounded-lg border border-foreground/20 bg-background focus:outline-none focus:ring-2 focus:ring-primary"
      id="email"
      name="email"
      required=""
      type="email"
      value=""
    />
  </div>
  <div>
    <label
      class="block text-sm font-medium mb-2"
      for="phone"
    >
      Phone / 电话
    </label>
    <input
      class="w-full px-4 py-2 rounded-lg border border-foreground/20 bg-background focus:outline-none focus:ring-2 focus:ring-primary"
      id="phone"
      name="phone"
      type="tel"
      value=""
    />
  </div>
  <div>
    <label
      class="block text-sm font-medium mb-2"
      for="interest"
    >
      I'm interested in / 我对以下感兴趣 *
    </label>
    <select
      class="w-full px-4 py-2 rounded-lg border border-foreground/20 bg-background focus:outline-none focus:ring-2 focus:ring-primary"
      id="interest"
      name="interest"
      required=""
    >
      <option
        value="general"
      >
        General Inquiry / 一般咨询
      </option>
      <option
        value="beginner"
      >
        Beginner Classes / 初级课程
      </option>
      <option
        value="advanced"
      >
        Advanced Training / 高级训练
      </option>
      <option
        value="youth"
      >
        Youth Programs / 青少年课程
      </option>
      <option
        value="private"
      >
        Private Training / 私教
      </option>
      <option
        value="trial"
      >
        Trial Class / 试听课
      </option>
    </select>
  </div>
  <div>
    <label
      class="block text-sm font-medium mb-2"
      for="message"
    >
      Message / 留言 *
    </label>
    <textarea
      class="w-full px-4 py-2 rounded-lg border border-foreground/20 bg-background focus:outline-none focus:ring-2 focus:ring-primary resize-none"
      id="message"
      name="message"
      required=""
      rows="5"
    />
  </div>
  <button
    class="btn-primary w-full"
    type="submit"
  >
    Send Message / 发送消息
  </button>
</form>
`;
