// Vitest Snapshot v1, https://vitest.dev/guide/snapshot.html

exports[`ContactForm Component > renders initial form state and matches snapshot 1`] = `
<form
  class="space-y-6"
>
  <input
    name="subject"
    type="hidden"
    value="New enquiry from China Sanda Club website"
  />
  <input
    autocomplete="off"
    class="hidden"
    name="botcheck"
    tabindex="-1"
    type="checkbox"
  />
  <div>
    <label
      class="block text-sm font-medium mb-2"
      for="interest"
    >
      I'm interested in *
    </label>
    <select
      class="w-full px-4 py-2 rounded-lg border border-foreground/20 bg-background focus:outline-none focus:ring-2 focus:ring-primary"
      id="interest"
      name="interest"
      required=""
    >
      <option
        value="trial"
      >
        Trial Class
      </option>
      <option
        value="youth"
      >
        Youth Programs
      </option>
      <option
        value="private"
      >
        Private Training
      </option>
      <option
        selected=""
        value="general"
      >
        General Inquiry
      </option>
      <option
        value="beginner"
      >
        Beginner Classes
      </option>
      <option
        value="advanced"
      >
        Advanced Training
      </option>
    </select>
  </div>
  <div>
    <label
      class="block text-sm font-medium mb-2"
      for="name"
    >
      Name
    </label>
    <input
      class="w-full px-4 py-2 rounded-lg border border-foreground/20 bg-background focus:outline-none focus:ring-2 focus:ring-primary"
      id="name"
      maxlength="80"
      name="name"
      required=""
      type="text"
    />
  </div>
  <div>
    <label
      class="block text-sm font-medium mb-2"
      for="email"
    >
      Email
    </label>
    <input
      class="w-full px-4 py-2 rounded-lg border border-foreground/20 bg-background focus:outline-none focus:ring-2 focus:ring-primary"
      id="email"
      name="email"
      required=""
      type="email"
    />
  </div>
  <div>
    <label
      class="block text-sm font-medium mb-2"
      for="phone"
    >
      Phone
    </label>
    <input
      class="w-full px-4 py-2 rounded-lg border border-foreground/20 bg-background focus:outline-none focus:ring-2 focus:ring-primary"
      id="phone"
      name="phone"
      type="tel"
    />
  </div>
  <div>
    <label
      class="block text-sm font-medium mb-2"
      for="message"
    >
      Message *
    </label>
    <textarea
      class="w-full px-4 py-2 rounded-lg border border-foreground/20 bg-background focus:outline-none focus:ring-2 focus:ring-primary resize-none"
      id="message"
      maxlength="2000"
      name="message"
      required=""
      rows="5"
    />
  </div>
  <button
    class="btn-primary w-full disabled:opacity-60 p-3"
    type="submit"
  >
    Send the message
  </button>
</form>
`;
